// Jest Snapshot v1, https://goo.gl/fbAQLP

exports[`snapshot has only a "[en] Cowboy Bebop" item 1`] = `
<section
  className="regular-section titles"
>
  <h3
    className="section-title"
  >
    Titles
  </h3>
  <ul
    className="language-dictionary-list"
  >
    <li>
      <span
        className="lang"
      >
        en
      </span>
      Cowboy Bebop
    </li>
  </ul>
</section>
`;
